This is pdfTeX, Version 3.141592653-2.6-1.40.29 (TeX Live 2026) (preloaded format=pdflatex 2026.3.22)  25 SEP 2026 10:07
entering extended mode
 restricted \write18 enabled.
 file:line:error style messages enabled.
 %&-line parsing enabled.
**/Users/mlrg/Documents/TESIS_CON_GREAVES/TESIS-GIT/Tesis/libro/main.tex
(/Users/mlrg/Documents/TESIS_CON_GREAVES/TESIS-GIT/Tesis/libro/main.tex
LaTeX2e <2025-11-01>
L3 programming layer <2026-01-19>
(./tesis-usb.cls
Document Class: tesis-usb 2015/07/20 v4.2Clase para documentos de LaTeX no oficial para libros de tesis USB
(/usr/local/texlive/2026/texmf-dist/tex/latex/fancyhdr/fancyhdr.sty
Package: fancyhdr 2025/02/07 v5.2 Extensive control of page headers and footers
\f@nch@headwidth=\skip49
\f@nch@offset@elh=\skip50
\f@nch@offset@erh=\skip51
\f@nch@offset@olh=\skip52
\f@nch@offset@orh=\skip53
\f@nch@offset@elf=\skip54
\f@nch@offset@erf=\skip55
\f@nch@offset@olf=\skip56
\f@nch@offset@orf=\skip57
\f@nch@height=\skip58
\f@nch@footalignment=\skip59
\f@nch@widthL=\skip60
\f@nch@widthC=\skip61
\f@nch@widthR=\skip62
\@temptokenb=\toks17
) (/usr/local/texlive/2026/texmf-dist/tex/latex/base/bk12.clo
File: bk12.clo 2025/01/22 v1.4n Standard LaTeX file (size option)
)
\c@part=\count275
\c@chapter=\count276
\c@chaptert=\count277
\c@section=\count278
\c@subsection=\count279
\c@subsubsection=\count280
\c@paragraph=\count281
\c@subparagraph=\count282
\c@figure=\count283
\c@table=\count284
\abovecaptionskip=\skip63
\belowcaptionskip=\skip64
\bibindent=\dimen148
 (/usr/local/texlive/2026/texmf-dist/tex/latex/geometry/geometry.sty
Package: geometry 2026/03/07 v6.0 Page Geometry
 (/usr/local/texlive/2026/texmf-dist/tex/latex/graphics/keyval.sty
Package: keyval 2022/05/29 v1.15 key=value parser (DPC)
\KV@toks@=\toks18
) (/usr/local/texlive/2026/texmf-dist/tex/generic/iftex/ifvtex.sty
Package: ifvtex 2019/10/25 v1.7 ifvtex legacy package. Use iftex instead.
 (/usr/local/texlive/2026/texmf-dist/tex/generic/iftex/iftex.sty
Package: iftex 2024/12/12 v1.0g TeX engine tests
))
\Gm@cnth=\count285
\Gm@cntv=\count286
\c@Gm@tempcnt=\count287
\Gm@bindingoffset=\dimen149
\Gm@wd@mp=\dimen150
\Gm@odd@mp=\dimen151
\Gm@even@mp=\dimen152
\Gm@layoutwidth=\dimen153
\Gm@layoutheight=\dimen154
\Gm@layouthoffset=\dimen155
\Gm@layoutvoffset=\dimen156
\Gm@dimlist=\toks19
) (/usr/local/texlive/2026/texmf-dist/tex/generic/babel/babel.sty
Package: babel 2026/03/08 v26.4 The multilingual framework for LuaLaTeX, pdfLaTeX and XeLaTeX
\babel@savecnt=\count288
LaTeX Encoding Info:    Redeclaring text command \ij (encoding OT1) on input line 2078.
LaTeX Encoding Info:    Redeclaring text command \IJ (encoding OT1) on input line 2080.
LaTeX Encoding Info:    Redeclaring text command \ij (encoding T1) on input line 2082.
LaTeX Encoding Info:    Redeclaring text command \IJ (encoding T1) on input line 2083.
LaTeX Encoding Info:    Ignoring declaration for text command \ij (encoding ?) on input line 2084.
LaTeX Encoding Info:    Ignoring declaration for text command \IJ (encoding ?) on input line 2086.
LaTeX Encoding Info:    Ignoring declaration for text command \SS (encoding ?) on input line 2111.
\U@D=\dimen157
\l@unhyphenated=\language91
 (/usr/local/texlive/2026/texmf-dist/tex/generic/babel/txtbabel.def)
\bbl@readstream=\read2
\bbl@dirlevel=\count289
 (/usr/local/texlive/2026/texmf-dist/tex/generic/babel/locale/es/babel-spanish.tex)
Package babel Info: Importing font and identification data for spanish
(babel)             from babel-es.ini. Reported on input line 4330.
 (/usr/local/texlive/2026/texmf-dist/tex/generic/babel-spanish/spanish.ldf
Language: spanish.ldf 2021/05/27 v5.0q Spanish support from the babel system
\es@quottoks=\toks20
\es@quotdepth=\count290
Package babel Info: Making " an active character on input line 570.
Package babel Info: Making ' an active character on input line 740.
))
LaTeX Encoding Info:    Redeclaring text command \guillemotleft (encoding OT1) on input line 1034.
LaTeX Encoding Info:    Redeclaring text command \guillemotright (encoding OT1) on input line 1034.
 (/usr/local/texlive/2026/texmf-dist/tex/latex/setspace/setspace.sty
Package: setspace 2022/12/04 v6.7b set line spacing
) (/usr/local/texlive/2026/texmf-dist/tex/latex/graphics/graphicx.sty
Package: graphicx 2024/12/31 v1.2e Enhanced LaTeX Graphics (DPC,SPQR)
 (/usr/local/texlive/2026/texmf-dist/tex/latex/graphics/graphics.sty
Package: graphics 2024/08/06 v1.4g Standard LaTeX Graphics (DPC,SPQR)
 (/usr/local/texlive/2026/texmf-dist/tex/latex/graphics/trig.sty
Package: trig 2023/12/02 v1.11 sin cos tan (DPC)
) (/usr/local/texlive/2026/texmf-dist/tex/latex/graphics-cfg/graphics.cfg
File: graphics.cfg 2016/06/04 v1.11 sample graphics configuration
)
Package graphics Info: Driver file: pdftex.def on input line 106.
 (/usr/local/texlive/2026/texmf-dist/tex/latex/graphics-def/pdftex.def
File: pdftex.def 2025/09/29 v1.2d Graphics/color driver for pdftex
))
\Gin@req@height=\dimen158
\Gin@req@width=\dimen159
) (/usr/local/texlive/2026/texmf-dist/tex/latex/caption/caption.sty
Package: caption 2023/08/05 v3.6o Customizing captions (AR)
 (/usr/local/texlive/2026/texmf-dist/tex/latex/caption/caption3.sty
Package: caption3 2023/07/31 v2.4d caption3 kernel (AR)
\caption@tempdima=\dimen160
\captionmargin=\dimen161
\caption@leftmargin=\dimen162
\caption@rightmargin=\dimen163
\caption@width=\dimen164
\caption@indent=\dimen165
\caption@parindent=\dimen166
\caption@hangindent=\dimen167
Package caption Info: Standard document class detected.
)
\c@caption@flags=\count291
\c@continuedfloat=\count292
) (/usr/local/texlive/2026/texmf-dist/tex/latex/graphics/rotating.sty
Package: rotating 2025/01/14 v2.16e rotated objects in LaTeX
 (/usr/local/texlive/2026/texmf-dist/tex/latex/base/ifthen.sty
Package: ifthen 2024/03/16 v1.1e Standard LaTeX ifthen package (DPC)
)
\c@r@tfl@t=\count293
\rotFPtop=\skip65
\rotFPbot=\skip66
\rot@float@box=\box53
\rot@mess@toks=\toks21
) (/usr/local/texlive/2026/texmf-dist/tex/latex/textcase/textcase.sty
Package: textcase 2025/02/16 v1.05 Text only upper/lower case changing (DPC)
Package textcase Info: Defining Legacy names on input line 20.
) (/usr/local/texlive/2026/texmf-dist/tex/latex/pgf/frontendlayer/tikz.sty (/usr/local/texlive/2026/texmf-dist/tex/latex/pgf/basiclayer/pgf.sty (/usr/local/texlive/2026/texmf-dist/tex/latex/pgf/utilities/pgfrcs.sty (/usr/local/texlive/2026/texmf-dist/tex/generic/pgf/utilities/pgfutil-common.tex
\pgfutil@everybye=\toks22
\pgfutil@tempdima=\dimen168
\pgfutil@tempdimb=\dimen169
) (/usr/local/texlive/2026/texmf-dist/tex/generic/pgf/utilities/pgfutil-latex.def
\pgfutil@abb=\box54
) (/usr/local/texlive/2026/texmf-dist/tex/generic/pgf/utilities/pgfrcs.code.tex (/usr/local/texlive/2026/texmf-dist/tex/generic/pgf/pgf.revision.tex)
Package: pgfrcs 2025-08-29 v3.1.11a (3.1.11a)
))
Package: pgf 2025-08-29 v3.1.11a (3.1.11a)
 (/usr/local/texlive/2026/texmf-dist/tex/latex/pgf/basiclayer/pgfcore.sty (/usr/local/texlive/2026/texmf-dist/tex/latex/pgf/systemlayer/pgfsys.sty (/usr/local/texlive/2026/texmf-dist/tex/generic/pgf/systemlayer/pgfsys.code.tex
Package: pgfsys 2025-08-29 v3.1.11a (3.1.11a)
 (/usr/local/texlive/2026/texmf-dist/tex/generic/pgf/utilities/pgfkeys.code.tex
\pgfkeys@pathtoks=\toks23
\pgfkeys@temptoks=\toks24
 (/usr/local/texlive/2026/texmf-dist/tex/generic/pgf/utilities/pgfkeyslibraryfiltered.code.tex
\pgfkeys@tmptoks=\toks25
))
\pgf@x=\dimen170
\pgf@y=\dimen171
\pgf@xa=\dimen172
\pgf@ya=\dimen173
\pgf@xb=\dimen174
\pgf@yb=\dimen175
\pgf@xc=\dimen176
\pgf@yc=\dimen177
\pgf@xd=\dimen178
\pgf@yd=\dimen179
\w@pgf@writea=\write3
\r@pgf@reada=\read3
\c@pgf@counta=\count294
\c@pgf@countb=\count295
\c@pgf@countc=\count296
\c@pgf@countd=\count297
\t@pgf@toka=\toks26
\t@pgf@tokb=\toks27
\t@pgf@tokc=\toks28
\pgf@sys@id@count=\count298
 (/usr/local/texlive/2026/texmf-dist/tex/generic/pgf/systemlayer/pgf.cfg
File: pgf.cfg 2025-08-29 v3.1.11a (3.1.11a)
)
Driver file for pgf: pgfsys-pdftex.def
 (/usr/local/texlive/2026/texmf-dist/tex/generic/pgf/systemlayer/pgfsys-pdftex.def
File: pgfsys-pdftex.def 2025-08-29 v3.1.11a (3.1.11a)
 (/usr/local/texlive/2026/texmf-dist/tex/generic/pgf/systemlayer/pgfsys-common-pdf.def
File: pgfsys-common-pdf.def 2025-08-29 v3.1.11a (3.1.11a)
))) (/usr/local/texlive/2026/texmf-dist/tex/generic/pgf/systemlayer/pgfsyssoftpath.code.tex
File: pgfsyssoftpath.code.tex 2025-08-29 v3.1.11a (3.1.11a)
\pgfsyssoftpath@smallbuffer@items=\count299
\pgfsyssoftpath@bigbuffer@items=\count300
) (/usr/local/texlive/2026/texmf-dist/tex/generic/pgf/systemlayer/pgfsysprotocol.code.tex
File: pgfsysprotocol.code.tex 2025-08-29 v3.1.11a (3.1.11a)
)) (/usr/local/texlive/2026/texmf-dist/tex/latex/xcolor/xcolor.sty
Package: xcolor 2024/09/29 v3.02 LaTeX color extensions (UK)
 (/usr/local/texlive/2026/texmf-dist/tex/latex/graphics-cfg/color.cfg
File: color.cfg 2016/01/02 v1.6 sample color configuration
)
Package xcolor Info: Driver file: pdftex.def on input line 274.
 (/usr/local/texlive/2026/texmf-dist/tex/latex/graphics/mathcolor.ltx)
Package xcolor Info: Model `cmy' substituted by `cmy0' on input line 1349.
Package xcolor Info: Model `hsb' substituted by `rgb' on input line 1353.
Package xcolor Info: Model `RGB' extended on input line 1365.
Package xcolor Info: Model `HTML' substituted by `rgb' on input line 1367.
Package xcolor Info: Model `Hsb' substituted by `hsb' on input line 1368.
Package xcolor Info: Model `tHsb' substituted by `hsb' on input line 1369.
Package xcolor Info: Model `HSB' substituted by `hsb' on input line 1370.
Package xcolor Info: Model `Gray' substituted by `gray' on input line 1371.
Package xcolor Info: Model `wave' substituted by `hsb' on input line 1372.
) (/usr/local/texlive/2026/texmf-dist/tex/generic/pgf/basiclayer/pgfcore.code.tex
Package: pgfcore 2025-08-29 v3.1.11a (3.1.11a)
 (/usr/local/texlive/2026/texmf-dist/tex/generic/pgf/math/pgfmath.code.tex (/usr/local/texlive/2026/texmf-dist/tex/generic/pgf/math/pgfmathutil.code.tex) (/usr/local/texlive/2026/texmf-dist/tex/generic/pgf/math/pgfmathparser.code.tex
\pgfmath@dimen=\dimen180
\pgfmath@count=\count301
\pgfmath@box=\box55
\pgfmath@toks=\toks29
\pgfmath@stack@operand=\toks30
\pgfmath@stack@operation=\toks31
) (/usr/local/texlive/2026/texmf-dist/tex/generic/pgf/math/pgfmathfunctions.code.tex) (/usr/local/texlive/2026/texmf-dist/tex/generic/pgf/math/pgfmathfunctions.basic.code.tex) (/usr/local/texlive/2026/texmf-dist/tex/generic/pgf/math/pgfmathfunctions.trigonometric.code.tex) (/usr/local/texlive/2026/texmf-dist/tex/generic/pgf/math/pgfmathfunctions.random.code.tex) (/usr/local/texlive/2026/texmf-dist/tex/generic/pgf/math/pgfmathfunctions.comparison.code.tex) (/usr/local/texlive/2026/texmf-dist/tex/generic/pgf/math/pgfmathfunctions.base.code.tex) (/usr/local/texlive/2026/texmf-dist/tex/generic/pgf/math/pgfmathfunctions.round.code.tex) (/usr/local/texlive/2026/texmf-dist/tex/generic/pgf/math/pgfmathfunctions.misc.code.tex) (/usr/local/texlive/2026/texmf-dist/tex/generic/pgf/math/pgfmathfunctions.integerarithmetics.code.tex) (/usr/local/texlive/2026/texmf-dist/tex/generic/pgf/math/pgfmathcalc.code.tex) (/usr/local/texlive/2026/texmf-dist/tex/generic/pgf/math/pgfmathfloat.code.tex
\c@pgfmathroundto@lastzeros=\count302
)) (/usr/local/texlive/2026/texmf-dist/tex/generic/pgf/math/pgfint.code.tex) (/usr/local/texlive/2026/texmf-dist/tex/generic/pgf/basiclayer/pgfcorepoints.code.tex
File: pgfcorepoints.code.tex 2025-08-29 v3.1.11a (3.1.11a)
\pgf@picminx=\dimen181
\pgf@picmaxx=\dimen182
\pgf@picminy=\dimen183
\pgf@picmaxy=\dimen184
\pgf@pathminx=\dimen185
\pgf@pathmaxx=\dimen186
\pgf@pathminy=\dimen187
\pgf@pathmaxy=\dimen188
\pgf@xx=\dimen189
\pgf@xy=\dimen190
\pgf@yx=\dimen191
\pgf@yy=\dimen192
\pgf@zx=\dimen193
\pgf@zy=\dimen194
) (/usr/local/texlive/2026/texmf-dist/tex/generic/pgf/basiclayer/pgfcorepathconstruct.code.tex
File: pgfcorepathconstruct.code.tex 2025-08-29 v3.1.11a (3.1.11a)
\pgf@path@lastx=\dimen195
\pgf@path@lasty=\dimen196
) (/usr/local/texlive/2026/texmf-dist/tex/generic/pgf/basiclayer/pgfcorepathusage.code.tex
File: pgfcorepathusage.code.tex 2025-08-29 v3.1.11a (3.1.11a)
\pgf@shorten@end@additional=\dimen197
\pgf@shorten@start@additional=\dimen198
) (/usr/local/texlive/2026/texmf-dist/tex/generic/pgf/basiclayer/pgfcorescopes.code.tex
File: pgfcorescopes.code.tex 2025-08-29 v3.1.11a (3.1.11a)
\pgfpic=\box56
\pgf@hbox=\box57
\pgf@layerbox@main=\box58
\pgf@picture@serial@count=\count303
) (/usr/local/texlive/2026/texmf-dist/tex/generic/pgf/basiclayer/pgfcoregraphicstate.code.tex
File: pgfcoregraphicstate.code.tex 2025-08-29 v3.1.11a (3.1.11a)
\pgflinewidth=\dimen199
) (/usr/local/texlive/2026/texmf-dist/tex/generic/pgf/basiclayer/pgfcoretransformations.code.tex
File: pgfcoretransformations.code.tex 2025-08-29 v3.1.11a (3.1.11a)
\pgf@pt@x=\dimen256
\pgf@pt@y=\dimen257
\pgf@pt@temp=\dimen258
) (/usr/local/texlive/2026/texmf-dist/tex/generic/pgf/basiclayer/pgfcorequick.code.tex
File: pgfcorequick.code.tex 2025-08-29 v3.1.11a (3.1.11a)
) (/usr/local/texlive/2026/texmf-dist/tex/generic/pgf/basiclayer/pgfcoreobjects.code.tex
File: pgfcoreobjects.code.tex 2025-08-29 v3.1.11a (3.1.11a)
) (/usr/local/texlive/2026/texmf-dist/tex/generic/pgf/basiclayer/pgfcorepathprocessing.code.tex
File: pgfcorepathprocessing.code.tex 2025-08-29 v3.1.11a (3.1.11a)
) (/usr/local/texlive/2026/texmf-dist/tex/generic/pgf/basiclayer/pgfcorearrows.code.tex
File: pgfcorearrows.code.tex 2025-08-29 v3.1.11a (3.1.11a)
\pgfarrowsep=\dimen259
) (/usr/local/texlive/2026/texmf-dist/tex/generic/pgf/basiclayer/pgfcoreshade.code.tex
File: pgfcoreshade.code.tex 2025-08-29 v3.1.11a (3.1.11a)
\pgf@max=\dimen260
\pgf@sys@shading@range@num=\count304
\pgf@shadingcount=\count305
) (/usr/local/texlive/2026/texmf-dist/tex/generic/pgf/basiclayer/pgfcoreimage.code.tex
File: pgfcoreimage.code.tex 2025-08-29 v3.1.11a (3.1.11a)
) (/usr/local/texlive/2026/texmf-dist/tex/generic/pgf/basiclayer/pgfcoreexternal.code.tex
File: pgfcoreexternal.code.tex 2025-08-29 v3.1.11a (3.1.11a)
\pgfexternal@startupbox=\box59
) (/usr/local/texlive/2026/texmf-dist/tex/generic/pgf/basiclayer/pgfcorelayers.code.tex
File: pgfcorelayers.code.tex 2025-08-29 v3.1.11a (3.1.11a)
) (/usr/local/texlive/2026/texmf-dist/tex/generic/pgf/basiclayer/pgfcoretransparency.code.tex
File: pgfcoretransparency.code.tex 2025-08-29 v3.1.11a (3.1.11a)
) (/usr/local/texlive/2026/texmf-dist/tex/generic/pgf/basiclayer/pgfcorepatterns.code.tex
File: pgfcorepatterns.code.tex 2025-08-29 v3.1.11a (3.1.11a)
) (/usr/local/texlive/2026/texmf-dist/tex/generic/pgf/basiclayer/pgfcorerdf.code.tex
File: pgfcorerdf.code.tex 2025-08-29 v3.1.11a (3.1.11a)
))) (/usr/local/texlive/2026/texmf-dist/tex/generic/pgf/modules/pgfmoduleshapes.code.tex
File: pgfmoduleshapes.code.tex 2025-08-29 v3.1.11a (3.1.11a)
\pgfnodeparttextbox=\box60
) (/usr/local/texlive/2026/texmf-dist/tex/generic/pgf/modules/pgfmoduleplot.code.tex
File: pgfmoduleplot.code.tex 2025-08-29 v3.1.11a (3.1.11a)
) (/usr/local/texlive/2026/texmf-dist/tex/latex/pgf/compatibility/pgfcomp-version-0-65.sty
Package: pgfcomp-version-0-65 2025-08-29 v3.1.11a (3.1.11a)
\pgf@nodesepstart=\dimen261
\pgf@nodesepend=\dimen262
) (/usr/local/texlive/2026/texmf-dist/tex/latex/pgf/compatibility/pgfcomp-version-1-18.sty
Package: pgfcomp-version-1-18 2025-08-29 v3.1.11a (3.1.11a)
)) (/usr/local/texlive/2026/texmf-dist/tex/latex/pgf/utilities/pgffor.sty (/usr/local/texlive/2026/texmf-dist/tex/latex/pgf/utilities/pgfkeys.sty (/usr/local/texlive/2026/texmf-dist/tex/generic/pgf/utilities/pgfkeys.code.tex)) (/usr/local/texlive/2026/texmf-dist/tex/latex/pgf/math/pgfmath.sty (/usr/local/texlive/2026/texmf-dist/tex/generic/pgf/math/pgfmath.code.tex)) (/usr/local/texlive/2026/texmf-dist/tex/generic/pgf/utilities/pgffor.code.tex
Package: pgffor 2025-08-29 v3.1.11a (3.1.11a)
\pgffor@iter=\dimen263
\pgffor@skip=\dimen264
\pgffor@stack=\toks32
\pgffor@toks=\toks33
)) (/usr/local/texlive/2026/texmf-dist/tex/generic/pgf/frontendlayer/tikz/tikz.code.tex
Package: tikz 2025-08-29 v3.1.11a (3.1.11a)
 (/usr/local/texlive/2026/texmf-dist/tex/generic/pgf/libraries/pgflibraryplothandlers.code.tex
File: pgflibraryplothandlers.code.tex 2025-08-29 v3.1.11a (3.1.11a)
\pgf@plot@mark@count=\count306
\pgfplotmarksize=\dimen265
)
\tikz@lastx=\dimen266
\tikz@lasty=\dimen267
\tikz@lastxsaved=\dimen268
\tikz@lastysaved=\dimen269
\tikz@lastmovetox=\dimen270
\tikz@lastmovetoy=\dimen271
\tikzleveldistance=\dimen272
\tikzsiblingdistance=\dimen273
\tikz@figbox=\box61
\tikz@figbox@bg=\box62
\tikz@tempbox=\box63
\tikz@tempbox@bg=\box64
\tikztreelevel=\count307
\tikznumberofchildren=\count308
\tikznumberofcurrentchild=\count309
\tikz@fig@count=\count310
 (/usr/local/texlive/2026/texmf-dist/tex/generic/pgf/modules/pgfmodulematrix.code.tex
File: pgfmodulematrix.code.tex 2025-08-29 v3.1.11a (3.1.11a)
\pgfmatrixcurrentrow=\count311
\pgfmatrixcurrentcolumn=\count312
\pgf@matrix@numberofcolumns=\count313
)
\tikz@expandcount=\count314
 (/usr/local/texlive/2026/texmf-dist/tex/generic/pgf/frontendlayer/tikz/libraries/tikzlibrarytopaths.code.tex
File: tikzlibrarytopaths.code.tex 2025-08-29 v3.1.11a (3.1.11a)
)))) (/usr/local/texlive/2026/texmf-dist/tex/latex/base/inputenc.sty
Package: inputenc 2024/02/08 v1.3d Input encoding file
\inpenc@prehook=\toks34
\inpenc@posthook=\toks35
) (/usr/local/texlive/2026/texmf-dist/tex/latex/tools/verbatim.sty
Package: verbatim 2024-01-22 v1.5x LaTeX2e package for verbatim enhancements
\every@verbatim=\toks36
\verbatim@line=\toks37
\verbatim@in@stream=\read4
) (/usr/local/texlive/2026/texmf-dist/tex/latex/acronym/acronym.sty
Package: acronym 2025/01/17 v1.50 Support for acronyms (Tobias Oetiker)
 (/usr/local/texlive/2026/texmf-dist/tex/latex/bigfoot/suffix.sty
Package: suffix 2006/07/15 1.5a Variant command support
) (/usr/local/texlive/2026/texmf-dist/tex/generic/xstring/xstring.sty (/usr/local/texlive/2026/texmf-dist/tex/generic/xstring/xstring.tex
\xs_counta=\count315
\xs_countb=\count316
)
Package: xstring 2023/08/22 v1.86 String manipulations (CT)
)
\AC@clearlist=\toks38
) (/usr/local/texlive/2026/texmf-dist/tex/latex/amsmath/amsmath.sty
Package: amsmath 2025/07/09 v2.17z AMS math features
\@mathmargin=\skip67

For additional information on amsmath, use the `?' option.
(/usr/local/texlive/2026/texmf-dist/tex/latex/amsmath/amstext.sty
Package: amstext 2024/11/17 v2.01 AMS text
 (/usr/local/texlive/2026/texmf-dist/tex/latex/amsmath/amsgen.sty
File: amsgen.sty 1999/11/30 v2.0 generic functions
\@emptytoks=\toks39
\ex@=\dimen274
)) (/usr/local/texlive/2026/texmf-dist/tex/latex/amsmath/amsbsy.sty
Package: amsbsy 1999/11/29 v1.2d Bold Symbols
\pmbraise@=\dimen275
) (/usr/local/texlive/2026/texmf-dist/tex/latex/amsmath/amsopn.sty
Package: amsopn 2022/04/08 v2.04 operator names
)
\inf@bad=\count317
LaTeX Info: Redefining \frac on input line 233.
\uproot@=\count318
\leftroot@=\count319
LaTeX Info: Redefining \overline on input line 398.
LaTeX Info: Redefining \colon on input line 409.
\classnum@=\count320
\DOTSCASE@=\count321
LaTeX Info: Redefining \ldots on input line 495.
LaTeX Info: Redefining \dots on input line 498.
LaTeX Info: Redefining \cdots on input line 619.
\Mathstrutbox@=\box65
\strutbox@=\box66
LaTeX Info: Redefining \big on input line 721.
LaTeX Info: Redefining \Big on input line 722.
LaTeX Info: Redefining \bigg on input line 723.
LaTeX Info: Redefining \Bigg on input line 724.
\big@size=\dimen276
LaTeX Font Info:    Redeclaring font encoding OML on input line 742.
LaTeX Font Info:    Redeclaring font encoding OMS on input line 743.
\macc@depth=\count322
LaTeX Info: Redefining \bmod on input line 904.
LaTeX Info: Redefining \pmod on input line 909.
LaTeX Info: Redefining \smash on input line 939.
LaTeX Info: Redefining \relbar on input line 969.
LaTeX Info: Redefining \Relbar on input line 970.
\c@MaxMatrixCols=\count323
\dotsspace@=\muskip17
\c@parentequation=\count324
\dspbrk@lvl=\count325
\tag@help=\toks40
\row@=\count326
\column@=\count327
\maxfields@=\count328
\andhelp@=\toks41
\eqnshift@=\dimen277
\alignsep@=\dimen278
\tagshift@=\dimen279
\tagwidth@=\dimen280
\totwidth@=\dimen281
\lineht@=\dimen282
\@envbody=\toks42
\multlinegap=\skip68
\multlinetaggap=\skip69
\mathdisplay@stack=\toks43
LaTeX Info: Redefining \[ on input line 2950.
LaTeX Info: Redefining \] on input line 2951.
) (/usr/local/texlive/2026/texmf-dist/tex/latex/amsfonts/amsfonts.sty
Package: amsfonts 2013/01/14 v3.01 Basic AMSFonts support
\symAMSa=\mathgroup4
\symAMSb=\mathgroup5
LaTeX Font Info:    Redeclaring math symbol \hbar on input line 98.
LaTeX Font Info:    Overwriting math alphabet `\mathfrak' in version `bold'
(Font)                  U/euf/m/n --> U/euf/b/n on input line 106.
) (/usr/local/texlive/2026/texmf-dist/tex/latex/amsfonts/amssymb.sty
Package: amssymb 2013/01/14 v3.01 AMS font symbols
) (/usr/local/texlive/2026/texmf-dist/tex/latex/tools/array.sty
Package: array 2025/09/25 v2.6n Tabular extension package (FMi)
\col@sep=\dimen283
\ar@mcellbox=\box67
\extrarowheight=\dimen284
\NC@list=\toks44
\extratabsurround=\skip70
\backup@length=\skip71
\ar@cellbox=\box68
) (/usr/local/texlive/2026/texmf-dist/tex/latex/booktabs/booktabs.sty
Package: booktabs 2020/01/12 v1.61803398 Publication quality tables
\heavyrulewidth=\dimen285
\lightrulewidth=\dimen286
\cmidrulewidth=\dimen287
\belowrulesep=\dimen288
\belowbottomsep=\dimen289
\aboverulesep=\dimen290
\abovetopsep=\dimen291
\cmidrulesep=\dimen292
\cmidrulekern=\dimen293
\defaultaddspace=\dimen294
\@cmidla=\count329
\@cmidlb=\count330
\@aboverulesep=\dimen295
\@belowrulesep=\dimen296
\@thisruleclass=\count331
\@lastruleclass=\count332
\@thisrulewidth=\dimen297
) (/usr/local/texlive/2026/texmf-dist/tex/latex/multirow/multirow.sty
Package: multirow 2024/11/12 v2.9 Span multiple rows of a table
\multirow@colwidth=\skip72
\multirow@cntb=\count333
\multirow@dima=\skip73
\bigstrutjot=\dimen298
) (/usr/local/texlive/2026/texmf-dist/tex/latex/siunitx/siunitx.sty
Package: siunitx 2025-07-09 v3.4.14 A comprehensive (SI) units package
\l__siunitx_number_uncert_offset_int=\count334
\l__siunitx_number_exponent_fixed_int=\count335
\l__siunitx_number_min_decimal_int=\count336
\l__siunitx_number_min_integer_int=\count337
\l__siunitx_number_round_precision_int=\count338
\l__siunitx_number_lower_threshold_int=\count339
\l__siunitx_number_upper_threshold_int=\count340
\l__siunitx_number_group_first_int=\count341
\l__siunitx_number_group_size_int=\count342
\l__siunitx_number_group_minimum_int=\count343
\l__siunitx_angle_tmp_dim=\dimen299
\l__siunitx_angle_marker_box=\box69
\l__siunitx_angle_unit_box=\box70
\l__siunitx_compound_count_int=\count344
 (/usr/local/texlive/2026/texmf-dist/tex/latex/translations/translations.sty
Package: translations 2022/02/05 v1.12 internationalization of LaTeX2e packages (CN)
 (/usr/local/texlive/2026/texmf-dist/tex/latex/etoolbox/etoolbox.sty
Package: etoolbox 2025/10/02 v2.5m e-TeX tools for LaTeX (JAW)
\etb@tempcnta=\count345
) (/usr/local/texlive/2026/texmf-dist/tex/generic/pdftexcmds/pdftexcmds.sty
Package: pdftexcmds 2020-06-27 v0.33 Utility functions of pdfTeX for LuaTeX (HO)
 (/usr/local/texlive/2026/texmf-dist/tex/generic/infwarerr/infwarerr.sty
Package: infwarerr 2019/12/03 v1.5 Providing info/warning/error messages (HO)
) (/usr/local/texlive/2026/texmf-dist/tex/generic/ltxcmds/ltxcmds.sty
Package: ltxcmds 2023-12-04 v1.26 LaTeX kernel commands for general use (HO)
)
Package pdftexcmds Info: \pdf@primitive is available.
Package pdftexcmds Info: \pdf@ifprimitive is available.
Package pdftexcmds Info: \pdfdraftmode found.
))
\l__siunitx_table_tmp_box=\box71
\l__siunitx_table_tmp_dim=\dimen300
\l__siunitx_table_column_width_dim=\dimen301
\l__siunitx_table_integer_box=\box72
\l__siunitx_table_decimal_box=\box73
\l__siunitx_table_uncert_box=\box74
\l__siunitx_table_before_box=\box75
\l__siunitx_table_after_box=\box76
\l__siunitx_table_before_dim=\dimen302
\l__siunitx_table_carry_dim=\dimen303
\l__siunitx_unit_tmp_int=\count346
\l__siunitx_unit_position_int=\count347
\l__siunitx_unit_total_int=\count348
) (./babelbib-and.sty
Package: babelbib-and 2009/10/10 v1.29 babelbib: multilingual bibliographies (HH)
) (/usr/local/texlive/2026/texmf-dist/tex/latex/url/url.sty
\Urlmuskip=\muskip18
Package: url 2013/09/16  ver 3.4  Verb mode for urls, etc.
) (/usr/local/texlive/2026/texmf-dist/tex/latex/caption/subcaption.sty
Package: subcaption 2023/07/28 v1.6b Sub-captions (AR)
Package caption Info: New subtype `subfigure' on input line 238.
\c@subfigure=\count349
Package caption Info: New subtype `subtable' on input line 238.
\c@subtable=\count350
) (/usr/local/texlive/2026/texmf-dist/tex/latex/hyperref/hyperref.sty
Package: hyperref 2026-01-29 v7.01p Hypertext links for LaTeX
 (/usr/local/texlive/2026/texmf-dist/tex/latex/kvsetkeys/kvsetkeys.sty
Package: kvsetkeys 2022-10-05 v1.19 Key value parser (HO)
) (/usr/local/texlive/2026/texmf-dist/tex/generic/kvdefinekeys/kvdefinekeys.sty
Package: kvdefinekeys 2019-12-19 v1.6 Define keys (HO)
) (/usr/local/texlive/2026/texmf-dist/tex/generic/pdfescape/pdfescape.sty
Package: pdfescape 2019/12/09 v1.15 Implements pdfTeX's escape features (HO)
) (/usr/local/texlive/2026/texmf-dist/tex/latex/hycolor/hycolor.sty
Package: hycolor 2020-01-27 v1.10 Color options for hyperref/bookmark (HO)
) (/usr/local/texlive/2026/texmf-dist/tex/latex/hyperref/nameref.sty
Package: nameref 2026-01-29 v2.58 Cross-referencing by name of section
 (/usr/local/texlive/2026/texmf-dist/tex/latex/refcount/refcount.sty
Package: refcount 2019/12/15 v3.6 Data extraction from label references (HO)
) (/usr/local/texlive/2026/texmf-dist/tex/generic/gettitlestring/gettitlestring.sty
Package: gettitlestring 2019/12/15 v1.6 Cleanup title references (HO)
 (/usr/local/texlive/2026/texmf-dist/tex/latex/kvoptions/kvoptions.sty
Package: kvoptions 2022-06-15 v3.15 Key value format for package options (HO)
))
\c@section@level=\count351
) (/usr/local/texlive/2026/texmf-dist/tex/generic/stringenc/stringenc.sty
Package: stringenc 2019/11/29 v1.12 Convert strings between diff. encodings (HO)
)
\@linkdim=\dimen304
\Hy@linkcounter=\count352
\Hy@pagecounter=\count353
 (/usr/local/texlive/2026/texmf-dist/tex/latex/hyperref/pd1enc.def
File: pd1enc.def 2026-01-29 v7.01p Hyperref: PDFDocEncoding definition (HO)
Now handling font encoding PD1 ...
... no UTF-8 mapping file for font encoding PD1
) (/usr/local/texlive/2026/texmf-dist/tex/generic/intcalc/intcalc.sty
Package: intcalc 2019/12/15 v1.3 Expandable calculations with integers (HO)
)
\Hy@SavedSpaceFactor=\count354
 (/usr/local/texlive/2026/texmf-dist/tex/latex/hyperref/puenc.def
File: puenc.def 2026-01-29 v7.01p Hyperref: PDF Unicode definition (HO)
Now handling font encoding PU ...
... no UTF-8 mapping file for font encoding PU
)
Package hyperref Info: Hyper figures OFF on input line 4201.
Package hyperref Info: Link nesting OFF on input line 4206.
Package hyperref Info: Hyper index ON on input line 4209.
Package hyperref Info: Plain pages OFF on input line 4216.
Package hyperref Info: Backreferencing OFF on input line 4221.
Package hyperref Info: Implicit mode ON; LaTeX internals redefined.
Package hyperref Info: Bookmarks ON on input line 4468.
\c@Hy@tempcnt=\count355
LaTeX Info: Redefining \url on input line 4807.
\XeTeXLinkMargin=\dimen305
 (/usr/local/texlive/2026/texmf-dist/tex/generic/bitset/bitset.sty
Package: bitset 2019/12/09 v1.3 Handle bit-vector datatype (HO)
 (/usr/local/texlive/2026/texmf-dist/tex/generic/bigintcalc/bigintcalc.sty
Package: bigintcalc 2019/12/15 v1.5 Expandable calculations on big integers (HO)
))
\Fld@menulength=\count356
\Field@Width=\dimen306
\Fld@charsize=\dimen307
Package hyperref Info: Hyper figures OFF on input line 6084.
Package hyperref Info: Link nesting OFF on input line 6089.
Package hyperref Info: Hyper index ON on input line 6092.
Package hyperref Info: backreferencing OFF on input line 6099.
Package hyperref Info: Link coloring OFF on input line 6104.
Package hyperref Info: Link coloring with OCG OFF on input line 6109.
Package hyperref Info: PDF/A mode OFF on input line 6114.
\Hy@abspage=\count357
\c@Item=\count358
\c@Hfootnote=\count359
)
Package hyperref Info: Driver (autodetected): hpdftex.
 (/usr/local/texlive/2026/texmf-dist/tex/latex/hyperref/hpdftex.def
File: hpdftex.def 2026-01-29 v7.01p Hyperref driver for pdfTeX
\Fld@listcount=\count360
\c@bookmark@seq@number=\count361
 (/usr/local/texlive/2026/texmf-dist/tex/latex/rerunfilecheck/rerunfilecheck.sty
Package: rerunfilecheck 2025-06-21 v1.11 Rerun checks for auxiliary files (HO)
 (/usr/local/texlive/2026/texmf-dist/tex/generic/uniquecounter/uniquecounter.sty
Package: uniquecounter 2019/12/15 v1.4 Provide unlimited unique counter (HO)
)
Package uniquecounter Info: New unique counter `rerunfilecheck' on input line 284.
)
\Hy@SectionHShift=\skip74
)
Package hyperref Info: Option `colorlinks' set `true' on input line 32.
 (/usr/local/texlive/2026/texmf-dist/tex/latex/l3backend/l3backend-pdftex.def
File: l3backend-pdftex.def 2025-10-09 L3 backend support: PDF output (pdfTeX)
\l__color_backend_stack_int=\count362
) (./main.aux
LaTeX Info: Redefining \. on input line 11.
LaTeX Info: Redefining \% on input line 11.
Package babel Info: 'spanish' activates 'spanish' shorthands.
(babel)             Reported on input line 11.
LaTeX Info: Redefining \. on input line 383.
LaTeX Info: Redefining \% on input line 383.
LaTeX Info: Redefining \. on input line 384.
LaTeX Info: Redefining \% on input line 384.
LaTeX Info: Redefining \. on input line 403.
LaTeX Info: Redefining \% on input line 403.
LaTeX Info: Redefining \. on input line 404.
LaTeX Info: Redefining \% on input line 404.


LaTeX Warning: Label `eq:lorentz' multiply defined.

)
\openout1 = `main.aux'.

LaTeX Font Info:    Checking defaults for OML/cmm/m/it on input line 68.
LaTeX Font Info:    ... okay on input line 68.
LaTeX Font Info:    Checking defaults for OMS/cmsy/m/n on input line 68.
LaTeX Font Info:    ... okay on input line 68.
LaTeX Font Info:    Checking defaults for OT1/cmr/m/n on input line 68.
LaTeX Font Info:    ... okay on input line 68.
LaTeX Font Info:    Checking defaults for T1/cmr/m/n on input line 68.
LaTeX Font Info:    ... okay on input line 68.
LaTeX Font Info:    Checking defaults for TS1/cmr/m/n on input line 68.
LaTeX Font Info:    ... okay on input line 68.
LaTeX Font Info:    Checking defaults for OMX/cmex/m/n on input line 68.
LaTeX Font Info:    ... okay on input line 68.
LaTeX Font Info:    Checking defaults for U/cmr/m/n on input line 68.
LaTeX Font Info:    ... okay on input line 68.
LaTeX Font Info:    Checking defaults for PD1/pdf/m/n on input line 68.
LaTeX Font Info:    ... okay on input line 68.
LaTeX Font Info:    Checking defaults for PU/pdf/m/n on input line 68.
LaTeX Font Info:    ... okay on input line 68.

*geometry* driver: auto-detecting
*geometry* detected driver: pdftex
*geometry* verbose mode - [ preamble ] result:
* driver: pdftex
* paper: letterpaper
* layout: <same size as paper>
* layoutoffset:(h,v)=(0.0pt,0.0pt)
* modes: 
* h-part:(L,W,R)=(85.35826pt, 457.80486pt, 71.13188pt)
* v-part:(T,H,B)=(71.13188pt, 652.70622pt, 71.13188pt)
* \paperwidth=614.295pt
* \paperheight=794.96999pt
* \textwidth=457.80486pt
* \textheight=652.70622pt
* \oddsidemargin=13.08827pt
* \evensidemargin=13.08827pt
* \topmargin=-33.0119pt
* \headheight=16.0pt
* \headsep=19.8738pt
* \topskip=12.0pt
* \footskip=30.0pt
* \marginparwidth=7.0pt
* \marginparsep=7.0pt
* \columnsep=10.0pt
* \skip\footins=10.8pt plus 4.0pt minus 2.0pt
* \hoffset=0.0pt
* \voffset=0.0pt
* \mag=1000
* \@twocolumnfalse
* \@twosidefalse
* \@mparswitchfalse
* \@reversemarginfalse
* (1in=72.27pt=25.4mm, 1cm=28.453pt)

LaTeX Info: Redefining \. on input line 68.
LaTeX Info: Redefining \% on input line 68.
(/usr/local/texlive/2026/texmf-dist/tex/context/base/mkii/supp-pdf.mkii
[Loading MPS to PDF converter (version 2006.09.02).]
\scratchcounter=\count363
\scratchdimen=\dimen308
\scratchbox=\box77
\nofMPsegments=\count364
\nofMParguments=\count365
\everyMPshowfont=\toks45
\MPscratchCnt=\count366
\MPscratchDim=\dimen309
\MPnumerator=\count367
\makeMPintoPDFobject=\count368
\everyMPtoPDFconversion=\toks46
) (/usr/local/texlive/2026/texmf-dist/tex/latex/epstopdf-pkg/epstopdf-base.sty
Package: epstopdf-base 2020-01-24 v2.11 Base part for package epstopdf
Package epstopdf-base Info: Redefining graphics rule for `.eps' on input line 485.
 (/usr/local/texlive/2026/texmf-dist/tex/latex/latexconfig/epstopdf-sys.cfg
File: epstopdf-sys.cfg 2010/07/13 v1.3 Configuration of (r)epstopdf for TeX Live
))
Package caption Info: Begin \AtBeginDocument code.
Package caption Info: hyperref package is loaded.
Package caption Info: rotating package is loaded.
Package caption Info: End \AtBeginDocument code.
 (/usr/local/texlive/2026/texmf-dist/tex/latex/translations/translations-basic-dictionary-spanish.trsl
File: translations-basic-dictionary-spanish.trsl (spanish translation file `translations-basic-dictionary')
)
Package translations Info: loading dictionary `translations-basic-dictionary' for `spanish'. on input line 68.

babelbib: Set bibliography fall-back language to spanish
(/usr/local/texlive/2026/texmf-dist/tex/latex/babelbib/spanish.bdf
File: spanish.bdf 2021/01/06 v1.34 babelbib: multilingual bibliographies

babelbib extension \btxifchangecaseoff added to \extrasspanish
)
babelbib: Load BibTeX extensions \bibsspanish for spanish
babelbib: Set language for keywords in the bibliography fixed to spanish
Package hyperref Info: Link coloring ON on input line 68.
(./main.out) (./main.out)
\@outlinefile=\write4
\openout4 = `main.out'.


babelbib: Set language for keywords in the bibliography fixed to spanish
[1



{/usr/local/texlive/2026/texmf-var/fonts/map/pdftex/updmap/pdftex.map}]
LaTeX Font Info:    Trying to load font information for U+msa on input line 73.
 (/usr/local/texlive/2026/texmf-dist/tex/latex/amsfonts/umsa.fd
File: umsa.fd 2013/01/14 v3.01 AMS symbols A
)
LaTeX Font Info:    Trying to load font information for U+msb on input line 73.
 (/usr/local/texlive/2026/texmf-dist/tex/latex/amsfonts/umsb.fd
File: umsb.fd 2013/01/14 v3.01 AMS symbols B
) [2]
pdfTeX warning (ext4): destination with the same identifier (name{page.i}) has been already used, duplicate ignored
<to be read again> 
                   \relax 
l.73 \input
           {agradecimientos} [1

] (./agradecimientos.tex
pdfTeX warning (ext4): destination with the same identifier (name{page.ii}) has been already used, duplicate ignored
<to be read again> 
                   \relax 
l.1 \chapter
            *{Agradecimientos} [2]

Package hyperref Warning: Token not allowed in a PDF string (Unicode):
(hyperref)                removing `\MakeTextUppercase   ' on input line 1.

) [3

]

Package hyperref Warning: Token not allowed in a PDF string (Unicode):
(hyperref)                removing `\MakeTextUppercase   ' on input line 74.

Package acronym Info: Label `acro:HCC' newly defined as it shall be overridden
although it is yet undefined on input line 86.
[4

]

Package hyperref Warning: Token not allowed in a PDF string (Unicode):
(hyperref)                removing `\MakeTextUppercase   ' on input line 115.

(./main.toc
LaTeX Info: Redefining \. on input line 1.
LaTeX Info: Redefining \% on input line 1.
 [5

]
LaTeX Info: Redefining \. on input line 59.
LaTeX Info: Redefining \% on input line 59.
LaTeX Info: Redefining \. on input line 60.
LaTeX Info: Redefining \% on input line 60.
LaTeX Info: Redefining \. on input line 61.
LaTeX Info: Redefining \% on input line 61.
LaTeX Info: Redefining \. on input line 62.
LaTeX Info: Redefining \% on input line 62.
 [6])
\tf@toc=\write5
\openout5 = `main.toc'.

 [7]

Package hyperref Warning: Token not allowed in a PDF string (Unicode):
(hyperref)                removing `\MakeTextUppercase   ' on input line 116.

(./main.lof
LaTeX Info: Redefining \. on input line 1.
LaTeX Info: Redefining \% on input line 1.
LaTeX Info: Redefining \. on input line 26.
LaTeX Info: Redefining \% on input line 26.
LaTeX Info: Redefining \. on input line 27.
LaTeX Info: Redefining \% on input line 27.
LaTeX Info: Redefining \. on input line 28.
LaTeX Info: Redefining \% on input line 28.
LaTeX Info: Redefining \. on input line 29.
LaTeX Info: Redefining \% on input line 29.
)
\tf@lof=\write6
\openout6 = `main.lof'.

 [8

]

Package hyperref Warning: Token not allowed in a PDF string (Unicode):
(hyperref)                removing `\MakeTextUppercase   ' on input line 117.

(./main.lot
LaTeX Info: Redefining \. on input line 1.
LaTeX Info: Redefining \% on input line 1.
LaTeX Info: Redefining \. on input line 15.
LaTeX Info: Redefining \% on input line 15.
LaTeX Info: Redefining \. on input line 16.
LaTeX Info: Redefining \% on input line 16.
LaTeX Info: Redefining \. on input line 17.
LaTeX Info: Redefining \% on input line 17.
LaTeX Info: Redefining \. on input line 18.
LaTeX Info: Redefining \% on input line 18.
)
\tf@lot=\write7
\openout7 = `main.lot'.


TESIS-USB: package acronym was detected
TESIS-USB: acronyms will be reset at chapter level
(./acronimos.tex [9

]
TESIS-USB: resetting all acronyms

Package hyperref Warning: Token not allowed in a PDF string (Unicode):
(hyperref)                removing `\MakeTextUppercase   ' on input line 13.


LaTeX Warning: Hyper reference `acro:ADC' on page x undefined on input line 15.


LaTeX Warning: Hyper reference `acro:ADC' on page x undefined on input line 15.


LaTeX Warning: Hyper reference `acro:C' on page x undefined on input line 16.


LaTeX Warning: Hyper reference `acro:C' on page x undefined on input line 16.


LaTeX Warning: Hyper reference `acro:L' on page x undefined on input line 20.


LaTeX Warning: Hyper reference `acro:L' on page x undefined on input line 20.


LaTeX Warning: Hyper reference `acro:R' on page x undefined on input line 23.


LaTeX Warning: Hyper reference `acro:R' on page x undefined on input line 23.

[10

]) (./notacion.tex
TESIS-USB: resetting all acronyms

Package hyperref Warning: Token not allowed in a PDF string (Unicode):
(hyperref)                removing `\MakeTextUppercase   ' on input line 4.


Overfull \hbox (55.9943pt too wide) in paragraph at lines 5--49
[][]
 []

) [11


] [12] (./introduccion.tex
TESIS-USB: resetting all acronyms

Package hyperref Warning: Token not allowed in a PDF string (Unicode):
(hyperref)                removing `\MakeTextUppercase   ' on input line 1.

[1


]
Package acronym Info: Label `acro:HCC' overridden on input line 43.
Package acronym Info: Label `acro:c' newly defined as it shall be overridden
although it is yet undefined on input line 44.
Package acronym Info: Label `acro:USB' newly defined as it shall be overridden
although it is yet undefined on input line 44.
 [2]) (./Capitulo-1.tex [3]
TESIS-USB: resetting all acronyms
Cap\'{\i }tulo 1.

Package hyperref Warning: Token not allowed in a PDF string (Unicode):
(hyperref)                removing `\MakeTextUppercase   ' on input line 1.


Package hyperref Warning: Token not allowed in a PDF string (Unicode):
(hyperref)                removing `\MakeTextUppercase   ' on input line 1.

Package acronym Info: Label `acro:JCC' newly defined as it shall be overridden
although it is yet undefined on input line 6.
[4

] [5] [6]
Package acronym Info: Label `acro:HCC' overridden on input line 106.
 [7{/usr/local/texlive/2026/texmf-dist/fonts/enc/dvips/cm-super/cm-super-ts1.enc}] [8] [9] [10] [11] [12] [13] [14] [15]
<Curva c_i vs g_i.png, id=794, 422.7795pt x 328.8285pt>
File: Curva c_i vs g_i.png Graphic file (type png)
<use Curva c_i vs g_i.png>
Package pdftex.def Info: Curva c_i vs g_i.png  used on input line 351.
(pdftex.def)             Requested size: 253.66965pt x 197.29861pt.
<curva c_i vs g_i zoom.png, id=797, 419.166pt x 328.8285pt>
File: curva c_i vs g_i zoom.png Graphic file (type png)
<use curva c_i vs g_i zoom.png>
Package pdftex.def Info: curva c_i vs g_i zoom.png  used on input line 359.
(pdftex.def)             Requested size: 251.50154pt x 197.29861pt.


LaTeX Warning: `h' float specifier changed to `ht'.

<Imagen4.png, id=802, 337.86224pt x 222.23026pt>
File: Imagen4.png Graphic file (type png)
<use Imagen4.png>
Package pdftex.def Info: Imagen4.png  used on input line 369.
(pdftex.def)             Requested size: 337.8614pt x 222.2297pt.
Package acronym Info: Label `acro:USB' overridden on input line 378.
[16 <./Curva c_i vs g_i.png>] [17 <./curva c_i vs g_i zoom.png>]
<CurvaPlanaGalaxias.png, id=827, 473.97075pt x 336.0555pt>
File: CurvaPlanaGalaxias.png Graphic file (type png)
<use CurvaPlanaGalaxias.png>
Package pdftex.def Info: CurvaPlanaGalaxias.png  used on input line 405.
(pdftex.def)             Requested size: 379.17711pt x 268.84476pt.
 [18 <./Imagen4.png>]) (./capitulo-2.tex [19 <./CurvaPlanaGalaxias.png>]
TESIS-USB: resetting all acronyms
Cap\'{\i }tulo 2.

Package hyperref Warning: Token not allowed in a PDF string (Unicode):
(hyperref)                removing `\MakeTextUppercase   ' on input line 1.


Package hyperref Warning: Token not allowed in a PDF string (Unicode):
(hyperref)                removing `\MakeTextUppercase   ' on input line 1.

Package acronym Info: Label `acro:HCC' overridden on input line 3.
[20

]
Package acronym Info: Label `acro:USB' overridden on input line 30.
<experimento_guia.png, id=858, 443.256pt x 246.32025pt>
File: experimento_guia.png Graphic file (type png)
<use experimento_guia.png>
Package pdftex.def Info: experimento_guia.png  used on input line 35.
(pdftex.def)             Requested size: 332.44118pt x 184.73973pt.
 [21 <./experimento_guia.png>]
<F0003TEK.png, id=867, 321.2pt x 240.9pt>
File: F0003TEK.png Graphic file (type png)
<use F0003TEK.png>
Package pdftex.def Info: F0003TEK.png  used on input line 50.
(pdftex.def)             Requested size: 208.77753pt x 156.58313pt.
 [22 <./F0003TEK.png>]
<AjusteF0003CH2.png, id=875, 392.46625pt x 279.0425pt>
File: AjusteF0003CH2.png Graphic file (type png)
<use AjusteF0003CH2.png>
Package pdftex.def Info: AjusteF0003CH2.png  used on input line 71.
(pdftex.def)             Requested size: 235.48155pt x 167.42679pt.
 [23 <./AjusteF0003CH2.png>]
<n-1.png, id=887, 362.007pt x 217.467pt>
File: n-1.png Graphic file (type png)
<use n-1.png>
Package pdftex.def Info: n-1.png  used on input line 108.
(pdftex.def)             Requested size: 228.90242pt x 137.5093pt.
<n-2.png, id=888, 342.735pt x 217.248pt>
File: n-2.png Graphic file (type png)
<use n-2.png>
Package pdftex.def Info: n-2.png  used on input line 115.
(pdftex.def)             Requested size: 228.90242pt x 145.09793pt.

Overfull \hbox (2.61107pt too wide) in paragraph at lines 106--119
[][]  [] 
 []

<n-3.png, id=889, 361.788pt x 217.248pt>
File: n-3.png Graphic file (type png)
<use n-3.png>
Package pdftex.def Info: n-3.png  used on input line 124.
(pdftex.def)             Requested size: 228.90242pt x 137.4537pt.
<n-4.1.png, id=890, 387.411pt x 216.153pt>
File: n-4.1.png Graphic file (type png)
<use n-4.1.png>
Package pdftex.def Info: n-4.1.png  used on input line 131.
(pdftex.def)             Requested size: 228.90242pt x 127.71385pt.

Overfull \hbox (2.61107pt too wide) in paragraph at lines 122--135
[][]  [] 
 []

<n-4.2.png, id=891, 325.872pt x 215.934pt>
File: n-4.2.png Graphic file (type png)
<use n-4.2.png>
Package pdftex.def Info: n-4.2.png  used on input line 140.
(pdftex.def)             Requested size: 228.90242pt x 151.68324pt.

LaTeX Warning: `!h' float specifier changed to `!ht'.

[24] [25 <./n-1.png> <./n-2.png> <./n-3.png> <./n-4.1.png> <./n-4.2.png>]
<n-5.1.png, id=908, 362.007pt x 217.248pt>
File: n-5.1.png Graphic file (type png)
<use n-5.1.png>
Package pdftex.def Info: n-5.1.png  used on input line 185.
(pdftex.def)             Requested size: 228.90242pt x 137.37083pt.
<n-5.2.png, id=909, 348.21pt x 227.322pt>
File: n-5.2.png Graphic file (type png)
<use n-5.2.png>
Package pdftex.def Info: n-5.2.png  used on input line 192.
(pdftex.def)             Requested size: 228.90242pt x 149.43637pt.

Overfull \hbox (2.61107pt too wide) in paragraph at lines 183--196
[][]  [] 
 []

[26 <./n-5.1.png> <./n-5.2.png>] [27]) (./capitulo-3.tex [28]
TESIS-USB: resetting all acronyms
Cap\'{\i }tulo 3.

Package hyperref Warning: Token not allowed in a PDF string (Unicode):
(hyperref)                removing `\MakeTextUppercase   ' on input line 1.


Package hyperref Warning: Token not allowed in a PDF string (Unicode):
(hyperref)                removing `\MakeTextUppercase   ' on input line 1.

Package acronym Info: Label `acro:ODR' newly defined as it shall be overridden
although it is yet undefined on input line 3.
[29

] [30]
Package acronym Info: Label `acro:HCC' overridden on input line 60.
 [31]
<FactorQ-zemansky.png, id=967, 272.81924pt x 205.9695pt>
File: FactorQ-zemansky.png Graphic file (type png)
<use FactorQ-zemansky.png>
Package pdftex.def Info: FactorQ-zemansky.png  used on input line 78.
(pdftex.def)             Requested size: 274.6857pt x 207.38011pt.
 [32 <./FactorQ-zemansky.png>]
<SUNY-circuito.png, id=983, 353.52075pt x 157.7895pt>
File: SUNY-circuito.png Graphic file (type png)
<use SUNY-circuito.png>
Package pdftex.def Info: SUNY-circuito.png  used on input line 85.
(pdftex.def)             Requested size: 228.90242pt x 102.1671pt.
 [33 <./SUNY-circuito.png>]
<Simulacion-respuesta1.png, id=995, 556.32843pt x 368.1253pt>
File: Simulacion-respuesta1.png Graphic file (type png)
<use Simulacion-respuesta1.png>
Package pdftex.def Info: Simulacion-respuesta1.png  used on input line 109.
(pdftex.def)             Requested size: 320.46199pt x 212.05237pt.
<Simulacion-respuesta2.png, id=998, 465.99094pt x 335.75438pt>
File: Simulacion-respuesta2.png Graphic file (type png)
<use Simulacion-respuesta2.png>
Package pdftex.def Info: Simulacion-respuesta2.png  used on input line 113.
(pdftex.def)             Requested size: 320.46199pt x 230.90741pt.


LaTeX Warning: `!h' float specifier changed to `!ht'.

[34 <./Simulacion-respuesta1.png>]
<CL-paralelo-sencillo.png, id=1006, 548.595pt x 284.919pt>
File: CL-paralelo-sencillo.png Graphic file (type png)
<use CL-paralelo-sencillo.png>
Package pdftex.def Info: CL-paralelo-sencillo.png  used on input line 121.
(pdftex.def)             Requested size: 206.01077pt x 106.99652pt.
 [35 <./Simulacion-respuesta2.png> <./CL-paralelo-sencillo.png>] [36]
<SOLO-ESQUEMA.png, id=1029, 605.26125pt x 274.02374pt>
File: SOLO-ESQUEMA.png Graphic file (type png)
<use SOLO-ESQUEMA.png>
Package pdftex.def Info: SOLO-ESQUEMA.png  used on input line 174.
(pdftex.def)             Requested size: 457.80486pt x 207.26506pt.
 [37 <./SOLO-ESQUEMA.png>]
<Amplificador1-voltaje.png, id=1037, 449.88075pt x 449.88075pt>
File: Amplificador1-voltaje.png Graphic file (type png)
<use Amplificador1-voltaje.png>
Package pdftex.def Info: Amplificador1-voltaje.png  used on input line 193.
(pdftex.def)             Requested size: 160.23448pt x 160.23392pt.
<Rectificador.png, id=1039, 654.64575pt x 395.67825pt>
File: Rectificador.png Graphic file (type png)
<use Rectificador.png>
Package pdftex.def Info: Rectificador.png  used on input line 206.
(pdftex.def)             Requested size: 228.90242pt x 138.35059pt.


LaTeX Warning: `!h' float specifier changed to `!ht'.

<Amplificador2.png, id=1041, 504.08325pt x 347.49825pt>
File: Amplificador2.png Graphic file (type png)
<use Amplificador2.png>
Package pdftex.def Info: Amplificador2.png  used on input line 215.
(pdftex.def)             Requested size: 206.01077pt x 142.01389pt.
[38 <./Amplificador1-voltaje.png>] [39 <./Rectificador.png> <./Amplificador2.png>] [40]
<CIRCUITO CONTROL DE TEMP.JPG, id=1064, 578.16pt x 393.72093pt>
File: CIRCUITO CONTROL DE TEMP.JPG Graphic file (type jpg)
<use CIRCUITO CONTROL DE TEMP.JPG>
Package pdftex.def Info: CIRCUITO CONTROL DE TEMP.JPG  used on input line 249.
(pdftex.def)             Requested size: 274.6857pt x 187.05544pt.
<FOTO-circuito-temperatura.png, id=1065, 475.02469pt x 432.86719pt>
File: FOTO-circuito-temperatura.png Graphic file (type png)
<use FOTO-circuito-temperatura.png>
Package pdftex.def Info: FOTO-circuito-temperatura.png  used on input line 255.
(pdftex.def)             Requested size: 228.90242pt x 208.5863pt.
 [41 <./CIRCUITO CONTROL DE TEMP.JPG> <./FOTO-circuito-temperatura.png>]
<temperatura_meses.pdf, id=1073, 908.39375pt x 272.01625pt>
File: temperatura_meses.pdf Graphic file (type pdf)
<use temperatura_meses.pdf>
Package pdftex.def Info: temperatura_meses.pdf  used on input line 275.
(pdftex.def)             Requested size: 412.02156pt x 123.37743pt.
<temperatura_dia.pdf, id=1074, 908.39375pt x 226.8475pt>
File: temperatura_dia.pdf Graphic file (type pdf)
<use temperatura_dia.pdf>
Package pdftex.def Info: temperatura_dia.pdf  used on input line 285.
(pdftex.def)             Requested size: 412.02156pt x 102.8904pt.
<temperatura_exterior_vs_interior.pdf, id=1075, 908.39375pt x 226.8475pt>
File: temperatura_exterior_vs_interior.pdf Graphic file (type pdf)
<use temperatura_exterior_vs_interior.pdf>
Package pdftex.def Info: temperatura_exterior_vs_interior.pdf  used on input line 295.
(pdftex.def)             Requested size: 412.02156pt x 102.8904pt.
 [42] [43 <./temperatura_meses.pdf> <./temperatura_dia.pdf

pdfTeX warning: pdflatex (file ./temperatura_dia.pdf): PDF inclusion: multiple pdfs with page group included in a single page
> <./temperatura_exterior_vs_interior.pdf

pdfTeX warning: pdflatex (file ./temperatura_exterior_vs_interior.pdf): PDF inclusion: multiple pdfs with page group included in a single page
>]
<Amplificador1-potencia-paralelo.png, id=1115, 572.73975pt x 355.92975pt>
File: Amplificador1-potencia-paralelo.png Graphic file (type png)
<use Amplificador1-potencia-paralelo.png>
Package pdftex.def Info: Amplificador1-potencia-paralelo.png  used on input line 321.
(pdftex.def)             Requested size: 173.96808pt x 108.11035pt.
<Foto-paralelo-protoboard.png, id=1116, 519.44063pt x 692.5875pt>
File: Foto-paralelo-protoboard.png Graphic file (type png)
<use Foto-paralelo-protoboard.png>
Package pdftex.def Info: Foto-paralelo-protoboard.png  used on input line 329.
(pdftex.def)             Requested size: 160.23448pt x 213.6431pt.
 [44 <./Amplificador1-potencia-paralelo.png> <./Foto-paralelo-protoboard.png>]
<esquematico-paralelo-total.png, id=1125, 735.34724pt x 247.52475pt>
File: esquematico-paralelo-total.png Graphic file (type png)
<use esquematico-paralelo-total.png>
Package pdftex.def Info: esquematico-paralelo-total.png  used on input line 345.
(pdftex.def)             Requested size: 389.13692pt x 130.9873pt.


LaTeX Warning: `h' float specifier changed to `ht'.

<grafica-3Jun-10.png, id=1131, 424.2249pt x 308.5929pt>
File: grafica-3Jun-10.png Graphic file (type png)
<use grafica-3Jun-10.png>
Package pdftex.def Info: grafica-3Jun-10.png  used on input line 380.
(pdftex.def)             Requested size: 219.74437pt x 159.84767pt.
<grafica-3Jun-12.png, id=1132, 430.0065pt x 308.5929pt>
File: grafica-3Jun-12.png Graphic file (type png)
<use grafica-3Jun-12.png>
Package pdftex.def Info: grafica-3Jun-12.png  used on input line 388.
(pdftex.def)             Requested size: 224.32689pt x 160.98718pt.
[45 <./esquematico-paralelo-total.png>] [46 <./grafica-3Jun-10.png> <./grafica-3Jun-12.png>]
<Amplificador1-potencia-serie.png, id=1148, 386.6445pt x 355.92975pt>
File: Amplificador1-potencia-serie.png Graphic file (type png)
<use Amplificador1-potencia-serie.png>
Package pdftex.def Info: Amplificador1-potencia-serie.png  used on input line 412.
(pdftex.def)             Requested size: 251.31595pt x 231.3516pt.
<Fuente-Con-Baterias.jpg, id=1151, 686.565pt x 493.845pt>
File: Fuente-Con-Baterias.jpg Graphic file (type jpg)
<use Fuente-Con-Baterias.jpg>
Package pdftex.def Info: Fuente-Con-Baterias.jpg  used on input line 426.
(pdftex.def)             Requested size: 274.62112pt x 197.53448pt.


LaTeX Warning: `!h' float specifier changed to `!ht'.

Package acronym Info: Label `acro:PCB' newly defined as it shall be overridden
although it is yet undefined on input line 430.
[47 <./Amplificador1-potencia-serie.png>]
<En-serie-prototipo1.jpg, id=1164, 836.12375pt x 488.82625pt>
File: En-serie-prototipo1.jpg Graphic file (type jpg)
<use En-serie-prototipo1.jpg>
Package pdftex.def Info: En-serie-prototipo1.jpg  used on input line 437.
(pdftex.def)             Requested size: 224.32689pt x 131.14944pt.
<En-serie-prototipo2.jpg, id=1165, 1080.035pt x 837.1275pt>
File: En-serie-prototipo2.jpg Graphic file (type jpg)
<use En-serie-prototipo2.jpg>
Package pdftex.def Info: En-serie-prototipo2.jpg  used on input line 445.
(pdftex.def)             Requested size: 224.32689pt x 173.87315pt.
 [48 <./Fuente-Con-Baterias.jpg> <./En-serie-prototipo1.jpg> <./En-serie-prototipo2.jpg>]
<resultado-serie-3Mar26-1.png, id=1174, 430.0065pt x 308.5929pt>
File: resultado-serie-3Mar26-1.png Graphic file (type png)
<use resultado-serie-3Mar26-1.png>
Package pdftex.def Info: resultado-serie-3Mar26-1.png  used on input line 465.
(pdftex.def)             Requested size: 279.50092pt x 200.583pt.
 [49 <./resultado-serie-3Mar26-1.png>]
<resultado-serie-3Mar26-5.png, id=1182, 433.62pt x 308.5929pt>
File: resultado-serie-3Mar26-5.png Graphic file (type png)
<use resultado-serie-3Mar26-5.png>
Package pdftex.def Info: resultado-serie-3Mar26-5.png  used on input line 493.
(pdftex.def)             Requested size: 219.74437pt x 156.38673pt.
<resultado-serie-3Mar26-6.png, id=1183, 427.1157pt x 307.8702pt>
File: resultado-serie-3Mar26-6.png Graphic file (type png)
<use resultado-serie-3Mar26-6.png>
Package pdftex.def Info: resultado-serie-3Mar26-6.png  used on input line 501.
(pdftex.def)             Requested size: 224.32689pt x 161.69533pt.
 [50 <./resultado-serie-3Mar26-5.png> <./resultado-serie-3Mar26-6.png>] [51]
<MIT-circuito-induccion.png, id=1212, 449.88075pt x 269.20575pt>
File: MIT-circuito-induccion.png Graphic file (type png)
<use MIT-circuito-induccion.png>
Package pdftex.def Info: MIT-circuito-induccion.png  used on input line 563.
(pdftex.def)             Requested size: 292.41902pt x 174.98164pt.


LaTeX Warning: `!h' float specifier changed to `!ht'.

[52
pdfTeX warning (ext4): destination with the same identifier (name{equation.3.24}) has been already used, duplicate ignored
<argument> ...shipout:D \box_use:N \l_shipout_box 
                                                  \__shipout_drop_firstpage_...
l.574 
      ]
Overfull \hbox (22.51183pt too wide) in paragraph at lines 579--593
 [][] 
 []

<placaNueva.jpg, id=1223, 467.7475pt x 335.2525pt>
File: placaNueva.jpg Graphic file (type jpg)
<use placaNueva.jpg>
Package pdftex.def Info: placaNueva.jpg  used on input line 600.
(pdftex.def)             Requested size: 350.80975pt x 251.43875pt.

LaTeX Warning: `!h' float specifier changed to `!ht'.

[53 <./MIT-circuito-induccion.png>] [54 <./placaNueva.jpg>] [55]
pdfTeX warning (ext4): destination with the same identifier (name{equation.3.31}) has been already used, duplicate ignored
<to be read again> 
                   \relax 
l.665 \begin{equation}
                      
pdfTeX warning (ext4): destination with the same identifier (name{equation.3.31}) has been already used, duplicate ignored
<to be read again> 
                   \relax 
l.665 \begin{equation}
                      
pdfTeX warning (ext4): destination with the same identifier (name{equation.3.31}) has been already used, duplicate ignored
<to be read again> 
                   \relax 
l.665 \begin{equation}
                      
pdfTeX warning (ext4): destination with the same identifier (name{equation.3.31}) has been already used, duplicate ignored
<to be read again> 
                   \relax 
l.665 \begin{equation}
                       [56]) (./capitulo-4.tex [57]
TESIS-USB: resetting all acronyms
Cap\'{\i }tulo 4.

Package hyperref Warning: Token not allowed in a PDF string (Unicode):
(hyperref)                removing `\MakeTextUppercase   ' on input line 1.


Package hyperref Warning: Token not allowed in a PDF string (Unicode):
(hyperref)                removing `\MakeTextUppercase   ' on input line 1.

Package acronym Info: Label `acro:HCC' overridden on input line 7.
) (./conclusiones.tex [58

] [59]
TESIS-USB: resetting all acronyms

Package hyperref Warning: Token not allowed in a PDF string (Unicode):
(hyperref)                removing `\MakeTextUppercase   ' on input line 1.

Package acronym Info: Label `acro:HCC' overridden on input line 14.
[60

]
Package acronym Info: Label `acro:ODR' overridden on input line 39.
) (./main.bbl [61]
TESIS-USB: resetting all acronyms

Package hyperref Warning: Token not allowed in a PDF string (Unicode):
(hyperref)                removing `\MakeTextUppercase   ' on input line 1.

babelbib: Using the BibTeX style's default font for `name'.
babelbib: Using the BibTeX style's default font for `lastname'.
babelbib: Using the BibTeX style's default font for `title'.
babelbib: Using the BibTeX style's default font for `jtitle'.
babelbib: Using the BibTeX style's default font for `etal'.
babelbib: Using the BibTeX style's default font for `journal'.
babelbib: Using the BibTeX style's default font for `volume'.
babelbib: Using the BibTeX style's default font for `ISBN'.
babelbib: Using the BibTeX style's default font for `ISSN'.
babelbib: Using the BibTeX style's default font for `url'.
babelbib: Using the BibTeX style's default font for `numeral'.
LaTeX Info: Redefining \. on input line 13.
LaTeX Info: Redefining \% on input line 13.
LaTeX Info: Redefining \. on input line 15.
LaTeX Info: Redefining \% on input line 15.

Underfull \hbox (badness 10000) in paragraph at lines 19--22
[][]$\OT1/cmtt/m/n/12 https : / / www . grc . nasa . gov / www / k-[]12 / Numbers / Math / Mathematical _ Thinking /
 []

LaTeX Info: Redefining \. on input line 24.
LaTeX Info: Redefining \% on input line 24.
LaTeX Info: Redefining \. on input line 26.
LaTeX Info: Redefining \% on input line 26.
LaTeX Info: Redefining \. on input line 26.
LaTeX Info: Redefining \% on input line 26.

Underfull \hbox (badness 5446) in paragraph at lines 24--31
[]\OT1/cmr/m/n/12 Ahmadi, Aph-ro-di-te y Whee-ler, Ri-chard: \OT1/cmr/m/it/12 Phy-sics 357 La-bo-ra-tory Ma-nual\OT1/cmr/m/n/12 ,
 []


Underfull \hbox (badness 2922) in paragraph at lines 33--40
\OT1/cmr/m/n/12 USA, 2018.  [][]$\OT1/cmtt/m/n/12 https : / / www . analog . com / media / en / technical-[]documentation /
 []

LaTeX Info: Redefining \. on input line 46.
LaTeX Info: Redefining \% on input line 46.
LaTeX Info: Redefining \. on input line 61.
LaTeX Info: Redefining \% on input line 61.
LaTeX Info: Redefining \. on input line 78.
LaTeX Info: Redefining \% on input line 78.
LaTeX Info: Redefining \. on input line 99.
LaTeX Info: Redefining \% on input line 99.
[62

]
LaTeX Info: Redefining \. on input line 108.
LaTeX Info: Redefining \% on input line 108.
LaTeX Info: Redefining \. on input line 130.
LaTeX Info: Redefining \% on input line 130.
LaTeX Info: Redefining \. on input line 143.
LaTeX Info: Redefining \% on input line 143.
LaTeX Info: Redefining \. on input line 147.
LaTeX Info: Redefining \% on input line 147.
LaTeX Info: Redefining \. on input line 147.
LaTeX Info: Redefining \% on input line 147.
LaTeX Info: Redefining \. on input line 168.
LaTeX Info: Redefining \% on input line 168.
LaTeX Info: Redefining \. on input line 173.
LaTeX Info: Redefining \% on input line 173.
LaTeX Info: Redefining \. on input line 194.
LaTeX Info: Redefining \% on input line 194.
LaTeX Info: Redefining \. on input line 198.
LaTeX Info: Redefining \% on input line 198.
 [63]
Underfull \hbox (badness 7012) in paragraph at lines 218--225
[]\OT1/cmr/m/n/12 Red Pi-ta-ya d.o.o.: \OT1/cmr/m/it/12 STEM-lab 125-14 Hard-wa-re Do-cu-men-ta-tion\OT1/cmr/m/n/12 .  [][]$\OT1/cmtt/m/n/12 https :
 []


Underfull \hbox (badness 10000) in paragraph at lines 218--225
\OT1/cmtt/m/n/12 / / redpitaya . readthedocs . io / en / latest / developerGuide / hardware / ORIG _
 []


Underfull \hbox (badness 10000) in paragraph at lines 246--252
\OT1/cmtt/m/n/12 scipy . org / doc / scipy / reference / generated / scipy . optimize . curve _ fit . html$[][]\OT1/cmr/m/n/12 .
 []

LaTeX Info: Redefining \. on input line 262.
LaTeX Info: Redefining \% on input line 262.
LaTeX Info: Redefining \. on input line 265.
LaTeX Info: Redefining \% on input line 265.
LaTeX Info: Redefining \. on input line 265.
LaTeX Info: Redefining \% on input line 265.
LaTeX Info: Redefining \. on input line 272.
LaTeX Info: Redefining \% on input line 272.
LaTeX Info: Redefining \. on input line 272.
LaTeX Info: Redefining \% on input line 272.
) (./apendice-a.tex [64]
TESIS-USB: resetting all acronyms

pdfTeX warning (ext4): destination with the same identifier (name{chaptert.1}) has been already used, duplicate ignored
<to be read again> 
                   \relax 
l.1 \chapter{Código Arduino}
                             \label{apx:Arduino}
Ap\'{e}ndice A.

Package hyperref Warning: Token not allowed in a PDF string (Unicode):
(hyperref)                removing `\MakeTextUppercase   ' on input line 1.


Package hyperref Warning: Token not allowed in a PDF string (Unicode):
(hyperref)                removing `\MakeTextUppercase   ' on input line 1.

[65

]) (./apendice-b.tex [66]
TESIS-USB: resetting all acronyms

pdfTeX warning (ext4): destination with the same identifier (name{chaptert.2}) has been already used, duplicate ignored
<to be read again> 
                   \relax 
l.3 \chapter{Tratamiento de los datos con Python}
                                                 \label{apx:PC}
Ap\'{e}ndice B.

Package hyperref Warning: Token not allowed in a PDF string (Unicode):
(hyperref)                removing `\MakeTextUppercase   ' on input line 3.


Package hyperref Warning: Token not allowed in a PDF string (Unicode):
(hyperref)                removing `\MakeTextUppercase   ' on input line 3.


Overfull \hbox (1.85335pt too wide) in paragraph at lines 9--10
[]\OT1/cmr/m/n/12 Este pro-gra-ma im-ple-men-ta una in-ter-faz gr^^Safi-ca sen-ci-lla uti-li-zan-do la bi-blio-te-ca \OT1/cmtt/m/n/12 tkinter\OT1/cmr/m/n/12 ,
 []

LaTeX Font Info:    Trying to load font information for OMS+cmtt on input line 17.
LaTeX Font Info:    No file OMScmtt.fd. on input line 17.

LaTeX Font Warning: Font shape `OMS/cmtt/m/n' undefined
(Font)              using `OMS/cmsy/m/n' instead
(Font)              for symbol `textbackslash' on input line 17.

[67

]
LaTeX Font Info:    Font shape `OT1/cmtt/bx/n' in size <12> not available
(Font)              Font shape `OT1/cmtt/m/n' tried instead on input line 41.
 [68]) (./apendice-c.tex [69]
TESIS-USB: resetting all acronyms

pdfTeX warning (ext4): destination with the same identifier (name{chaptert.3}) has been already used, duplicate ignored
<to be read again> 
                   \relax 
l.1 ...o completo del circuito resonante en serie}
                                                   % Título centrado y en n...
Ap\'{e}ndice C.

Package hyperref Warning: Token not allowed in a PDF string (Unicode):
(hyperref)                removing `\MakeTextUppercase   ' on input line 1.


Package hyperref Warning: Token not allowed in a PDF string (Unicode):
(hyperref)                removing `\MakeTextUppercase   ' on input line 1.

<esquematico-kidcad-final.pdf, id=1385, 794.97pt x 614.295pt>
File: esquematico-kidcad-final.pdf Graphic file (type pdf)
<use esquematico-kidcad-final.pdf>
Package pdftex.def Info: esquematico-kidcad-final.pdf  used on input line 9.
(pdftex.def)             Requested size: 652.70622pt x 504.38129pt.
) (./apendice-d.tex [70

] [71 <./esquematico-kidcad-final.pdf>]
TESIS-USB: resetting all acronyms

pdfTeX warning (ext4): destination with the same identifier (name{chaptert.4}) has been already used, duplicate ignored
<to be read again> 
                   \relax 
l.1 ...ter{Matemática detrás del ajuste por ODR}
                                                   % Título centrado y en n...
Ap\'{e}ndice D.

Package hyperref Warning: Token not allowed in a PDF string (Unicode):
(hyperref)                removing `\MakeTextUppercase   ' on input line 1.


Package hyperref Warning: Token not allowed in a PDF string (Unicode):
(hyperref)                removing `\MakeTextUppercase   ' on input line 1.

[72

] [73]
Overfull \hbox (1.64177pt too wide) in paragraph at lines 103--104
[]\OT1/cmr/m/n/12 Note que el t^^Sermino que tie-ne $\OML/cmm/m/it/12 ^^U$ \OT1/cmr/m/n/12 es un t^^Sermino de re-gu-la-ri-za-ci^^Son agre-ga-do por Levenberg-
 []

[74] [75] [76]

Package hyperref Warning: Token not allowed in a PDF string (Unicode):
(hyperref)                removing `superscript' on input line 220.

[77] [78]) [79] (./main.aux
LaTeX Info: Redefining \. on input line 11.
LaTeX Info: Redefining \% on input line 11.
LaTeX Info: Redefining \. on input line 383.
LaTeX Info: Redefining \% on input line 383.
LaTeX Info: Redefining \. on input line 384.
LaTeX Info: Redefining \% on input line 384.
LaTeX Info: Redefining \. on input line 403.
LaTeX Info: Redefining \% on input line 403.
LaTeX Info: Redefining \. on input line 404.
LaTeX Info: Redefining \% on input line 404.
)
 ***********
LaTeX2e <2025-11-01>
L3 programming layer <2026-01-19>
 ***********


LaTeX Font Warning: Some font shapes were not available, defaults substituted.


LaTeX Warning: There were undefined references.


LaTeX Warning: There were multiply-defined labels.

Package rerunfilecheck Info: File `main.out' has not changed.
(rerunfilecheck)             Checksum: 43E7580C0B3E9F0261EB651E322772C2;16745.
 ) 
Here is how much of TeX's memory you used:
 30258 strings out of 467525
 602817 string characters out of 5418982
 993642 words of memory out of 5000000
 58286 multiletter control sequences out of 15000+600000
 638781 words of font info for 81 fonts, out of 8000000 for 9000
 1141 hyphenation exceptions out of 8191
 99i,14n,118p,1744b,1527s stack positions out of 10000i,1000n,20000p,200000b,200000s
</usr/local/texlive/2026/texmf-dist/fonts/type1/public/amsfonts/cm/cmbx12.pfb></usr/local/texlive/2026/texmf-dist/fonts/type1/public/amsfonts/cm/cmex10.pfb></usr/local/texlive/2026/texmf-dist/fonts/type1/public/amsfonts/cm/cmmi12.pfb></usr/local/texlive/2026/texmf-dist/fonts/type1/public/amsfonts/cm/cmmi6.pfb></usr/local/texlive/2026/texmf-dist/fonts/type1/public/amsfonts/cm/cmmi8.pfb></usr/local/texlive/2026/texmf-dist/fonts/type1/public/amsfonts/cm/cmmib10.pfb></usr/local/texlive/2026/texmf-dist/fonts/type1/public/amsfonts/cmextra/cmmib8.pfb></usr/local/texlive/2026/texmf-dist/fonts/type1/public/amsfonts/cm/cmr10.pfb></usr/local/texlive/2026/texmf-dist/fonts/type1/public/amsfonts/cm/cmr12.pfb></usr/local/texlive/2026/texmf-dist/fonts/type1/public/amsfonts/cm/cmr17.pfb></usr/local/texlive/2026/texmf-dist/fonts/type1/public/amsfonts/cm/cmr6.pfb></usr/local/texlive/2026/texmf-dist/fonts/type1/public/amsfonts/cm/cmr8.pfb></usr/local/texlive/2026/texmf-dist/fonts/type1/public/amsfonts/cm/cmsy10.pfb></usr/local/texlive/2026/texmf-dist/fonts/type1/public/amsfonts/cm/cmsy6.pfb></usr/local/texlive/2026/texmf-dist/fonts/type1/public/amsfonts/cm/cmsy8.pfb></usr/local/texlive/2026/texmf-dist/fonts/type1/public/amsfonts/cm/cmti12.pfb></usr/local/texlive/2026/texmf-dist/fonts/type1/public/amsfonts/cm/cmtt12.pfb></usr/local/texlive/2026/texmf-dist/fonts/type1/public/amsfonts/symbols/msam10.pfb></usr/local/texlive/2026/texmf-dist/fonts/type1/public/amsfonts/symbols/msbm10.pfb></usr/local/texlive/2026/texmf-dist/fonts/type1/public/cm-super/sfrm1200.pfb>
Output written on main.pdf (93 pages, 4665667 bytes).
PDF statistics:
 1669 PDF objects out of 1728 (max. 8388607)
 1436 compressed objects within 15 object streams
 412 named destinations out of 1000 (max. 500000)
 836 words of extra memory for PDF output out of 10000 (max. 10000000)

